#! /opt/homebrew/Cellar/icarus-verilog/13.0/bin/vvp
:ivl_version "13.0 (stable)" "(v13_0)";
:ivl_delay_selection "TYPICAL";
:vpi_time_precision + 0;
:vpi_module "/opt/homebrew/Cellar/icarus-verilog/13.0/lib/ivl/system.vpi";
:vpi_module "/opt/homebrew/Cellar/icarus-verilog/13.0/lib/ivl/vhdl_sys.vpi";
:vpi_module "/opt/homebrew/Cellar/icarus-verilog/13.0/lib/ivl/vhdl_textio.vpi";
:vpi_module "/opt/homebrew/Cellar/icarus-verilog/13.0/lib/ivl/v2005_math.vpi";
:vpi_module "/opt/homebrew/Cellar/icarus-verilog/13.0/lib/ivl/va_math.vpi";
S_0x142704b50 .scope module, "adder" "adder" 2 1;
 .timescale 0 0;
    .port_info 0 /INPUT 1 "a";
    .port_info 1 /INPUT 1 "b";
    .port_info 2 /OUTPUT 1 "y";
o0x138030010 .functor BUFZ 1, c4<z>; HiZ drive
o0x138030040 .functor BUFZ 1, c4<z>; HiZ drive
L_0x142716610 .functor OR 1, o0x138030010, o0x138030040, C4<0>, C4<0>;
v0x142704cc0_0 .net "a", 0 0, o0x138030010;  0 drivers
v0x142716490_0 .net "b", 0 0, o0x138030040;  0 drivers
v0x142716530_0 .net "y", 0 0, L_0x142716610;  1 drivers
# The file index is used to find the file name in the following table.
:file_names 3;
    "N/A";
    "<interactive>";
    "system.v";
